-- start_ignore
SET SEARCH_PATH=TestUDF_TestUDFPljava;
SET
-- end_ignore
SELECT set_config('pljava_classpath', 'PLJavaAdd.jar', false);
  set_config   
---------------
 PLJavaAdd.jar
(1 row)

CREATE OR REPLACE FUNCTION pljava_add(x INT, y INT)
RETURNS INT
AS 'PLJavaAdd.add'
LANGUAGE java;
CREATE FUNCTION
SELECT pljava_add(10, 20);
 pljava_add 
------------
         30
(1 row)

