-- start_ignore
-- end_ignore
set session role=usertest7;
SET
CREATE OR REPLACE FUNCTION normalize_si(text) RETURNS text AS $$ BEGIN RETURN substring($1, 9, 2) || substring($1, 7, 2) || substring($1, 5, 2) || substring($1, 1, 4); END; $$LANGUAGE 'plpgsql' IMMUTABLE;
psql:/tmp/TestHawqRanger_BasicTest.sql:4: WARNING:  usage privilege of namespace public is required.
psql:/tmp/TestHawqRanger_BasicTest.sql:4: ERROR:  no schema has been selected to create in
