-- start_ignore
-- end_ignore
set session role=usertest50;
SET
ALTER AGGREGATE scube(numeric) RENAME TO scube2;   
psql:/tmp/TestHawqRanger_BasicTest.sql:4: WARNING:  usage privilege of namespace public is required.
psql:/tmp/TestHawqRanger_BasicTest.sql:4: ERROR:  aggregate scube(numeric) does not exist
