-- start_ignore
-- end_ignore
set session role=usertest63;
SET
vacuum analyze;
psql:/tmp/TestHawqRanger_BasicTest.sql:4: WARNING:  skipping "sql_packages" --- only table or database owner can vacuum it
psql:/tmp/TestHawqRanger_BasicTest.sql:4: WARNING:  skipping "sql_parts" --- only table or database owner can vacuum it
psql:/tmp/TestHawqRanger_BasicTest.sql:4: WARNING:  skipping "sql_sizing" --- only table or database owner can vacuum it
psql:/tmp/TestHawqRanger_BasicTest.sql:4: WARNING:  skipping "sql_sizing_profiles" --- only table or database owner can vacuum it
psql:/tmp/TestHawqRanger_BasicTest.sql:4: WARNING:  skipping "pg_appendonly" --- only table or database owner can vacuum it
psql:/tmp/TestHawqRanger_BasicTest.sql:4: WARNING:  skipping "pg_appendonly_alter_column" --- only table or database owner can vacuum it
psql:/tmp/TestHawqRanger_BasicTest.sql:4: WARNING:  skipping "gp_master_mirroring" --- only table or database owner can vacuum it
psql:/tmp/TestHawqRanger_BasicTest.sql:4: WARNING:  skipping "pg_extprotocol" --- only table or database owner can vacuum it
psql:/tmp/TestHawqRanger_BasicTest.sql:4: WARNING:  skipping "pg_partition" --- only table or database owner can vacuum it
psql:/tmp/TestHawqRanger_BasicTest.sql:4: WARNING:  skipping "pg_partition_rule" --- only table or database owner can vacuum it
psql:/tmp/TestHawqRanger_BasicTest.sql:4: WARNING:  skipping "pg_filespace" --- only table or database owner can vacuum it
psql:/tmp/TestHawqRanger_BasicTest.sql:4: WARNING:  skipping "pg_filespace_entry" --- only table or database owner can vacuum it
psql:/tmp/TestHawqRanger_BasicTest.sql:4: WARNING:  skipping "gp_global_sequence" --- only table or database owner can vacuum it
psql:/tmp/TestHawqRanger_BasicTest.sql:4: WARNING:  skipping "gp_persistent_relfile_node" --- only table or database owner can vacuum it
psql:/tmp/TestHawqRanger_BasicTest.sql:4: WARNING:  skipping "gp_relfile_node" --- only table or database owner can vacuum it
psql:/tmp/TestHawqRanger_BasicTest.sql:4: WARNING:  skipping "gp_persistent_relation_node" --- only table or database owner can vacuum it
psql:/tmp/TestHawqRanger_BasicTest.sql:4: WARNING:  skipping "gp_persistent_database_node" --- only table or database owner can vacuum it
psql:/tmp/TestHawqRanger_BasicTest.sql:4: WARNING:  skipping "gp_persistent_tablespace_node" --- only table or database owner can vacuum it
psql:/tmp/TestHawqRanger_BasicTest.sql:4: WARNING:  skipping "gp_persistent_filespace_node" --- only table or database owner can vacuum it
psql:/tmp/TestHawqRanger_BasicTest.sql:4: WARNING:  skipping "pg_attribute_encoding" --- only table or database owner can vacuum it
psql:/tmp/TestHawqRanger_BasicTest.sql:4: WARNING:  skipping "pg_compression" --- only table or database owner can vacuum it
psql:/tmp/TestHawqRanger_BasicTest.sql:4: WARNING:  skipping "pg_filesystem" --- only table or database owner can vacuum it
psql:/tmp/TestHawqRanger_BasicTest.sql:4: WARNING:  skipping "pg_foreign_data_wrapper" --- only table or database owner can vacuum it
psql:/tmp/TestHawqRanger_BasicTest.sql:4: WARNING:  skipping "pg_foreign_server" --- only table or database owner can vacuum it
psql:/tmp/TestHawqRanger_BasicTest.sql:4: WARNING:  skipping "pg_foreign_table" --- only table or database owner can vacuum it
psql:/tmp/TestHawqRanger_BasicTest.sql:4: WARNING:  skipping "pg_partition_encoding" --- only table or database owner can vacuum it
psql:/tmp/TestHawqRanger_BasicTest.sql:4: WARNING:  skipping "pg_proc_callback" --- only table or database owner can vacuum it
psql:/tmp/TestHawqRanger_BasicTest.sql:4: WARNING:  skipping "pg_type_encoding" --- only table or database owner can vacuum it
psql:/tmp/TestHawqRanger_BasicTest.sql:4: WARNING:  skipping "pg_database" --- only table or database owner can vacuum it
psql:/tmp/TestHawqRanger_BasicTest.sql:4: WARNING:  skipping "pg_auth_members" --- only table or database owner can vacuum it
psql:/tmp/TestHawqRanger_BasicTest.sql:4: WARNING:  skipping "pg_auth_time_constraint" --- only table or database owner can vacuum it
psql:/tmp/TestHawqRanger_BasicTest.sql:4: WARNING:  skipping "pg_authid" --- only table or database owner can vacuum it
psql:/tmp/TestHawqRanger_BasicTest.sql:4: WARNING:  skipping "pg_statistic" --- only table or database owner can vacuum it
psql:/tmp/TestHawqRanger_BasicTest.sql:4: WARNING:  skipping "sql_features" --- only table or database owner can vacuum it
psql:/tmp/TestHawqRanger_BasicTest.sql:4: WARNING:  skipping "sql_implementation_info" --- only table or database owner can vacuum it
psql:/tmp/TestHawqRanger_BasicTest.sql:4: WARNING:  skipping "sql_languages" --- only table or database owner can vacuum it
psql:/tmp/TestHawqRanger_BasicTest.sql:4: WARNING:  skipping "pg_user_mapping" --- only table or database owner can vacuum it
psql:/tmp/TestHawqRanger_BasicTest.sql:4: WARNING:  skipping "pg_remote_credentials" --- only table or database owner can vacuum it
psql:/tmp/TestHawqRanger_BasicTest.sql:4: WARNING:  skipping "pg_type" --- only table or database owner can vacuum it
psql:/tmp/TestHawqRanger_BasicTest.sql:4: WARNING:  skipping "pg_attribute" --- only table or database owner can vacuum it
psql:/tmp/TestHawqRanger_BasicTest.sql:4: WARNING:  skipping "pg_proc" --- only table or database owner can vacuum it
psql:/tmp/TestHawqRanger_BasicTest.sql:4: WARNING:  skipping "pg_class" --- only table or database owner can vacuum it
psql:/tmp/TestHawqRanger_BasicTest.sql:4: WARNING:  skipping "pg_autovacuum" --- only table or database owner can vacuum it
psql:/tmp/TestHawqRanger_BasicTest.sql:4: WARNING:  skipping "pg_attrdef" --- only table or database owner can vacuum it
psql:/tmp/TestHawqRanger_BasicTest.sql:4: WARNING:  skipping "pg_constraint" --- only table or database owner can vacuum it
psql:/tmp/TestHawqRanger_BasicTest.sql:4: WARNING:  skipping "pg_inherits" --- only table or database owner can vacuum it
psql:/tmp/TestHawqRanger_BasicTest.sql:4: WARNING:  skipping "pg_index" --- only table or database owner can vacuum it
psql:/tmp/TestHawqRanger_BasicTest.sql:4: WARNING:  skipping "pg_operator" --- only table or database owner can vacuum it
psql:/tmp/TestHawqRanger_BasicTest.sql:4: WARNING:  skipping "pg_opclass" --- only table or database owner can vacuum it
psql:/tmp/TestHawqRanger_BasicTest.sql:4: WARNING:  skipping "pg_am" --- only table or database owner can vacuum it
psql:/tmp/TestHawqRanger_BasicTest.sql:4: WARNING:  skipping "pg_amop" --- only table or database owner can vacuum it
psql:/tmp/TestHawqRanger_BasicTest.sql:4: WARNING:  skipping "pg_amproc" --- only table or database owner can vacuum it
psql:/tmp/TestHawqRanger_BasicTest.sql:4: WARNING:  skipping "pg_language" --- only table or database owner can vacuum it
psql:/tmp/TestHawqRanger_BasicTest.sql:4: WARNING:  skipping "pg_largeobject" --- only table or database owner can vacuum it
psql:/tmp/TestHawqRanger_BasicTest.sql:4: WARNING:  skipping "pg_aggregate" --- only table or database owner can vacuum it
psql:/tmp/TestHawqRanger_BasicTest.sql:4: WARNING:  skipping "pg_stat_last_operation" --- only table or database owner can vacuum it
psql:/tmp/TestHawqRanger_BasicTest.sql:4: WARNING:  skipping "pg_stat_last_shoperation" --- only table or database owner can vacuum it
psql:/tmp/TestHawqRanger_BasicTest.sql:4: WARNING:  skipping "pg_rewrite" --- only table or database owner can vacuum it
psql:/tmp/TestHawqRanger_BasicTest.sql:4: WARNING:  skipping "pg_trigger" --- only table or database owner can vacuum it
psql:/tmp/TestHawqRanger_BasicTest.sql:4: WARNING:  skipping "pg_listener" --- only table or database owner can vacuum it
psql:/tmp/TestHawqRanger_BasicTest.sql:4: WARNING:  skipping "pg_description" --- only table or database owner can vacuum it
psql:/tmp/TestHawqRanger_BasicTest.sql:4: WARNING:  skipping "pg_cast" --- only table or database owner can vacuum it
psql:/tmp/TestHawqRanger_BasicTest.sql:4: WARNING:  skipping "pg_namespace" --- only table or database owner can vacuum it
psql:/tmp/TestHawqRanger_BasicTest.sql:4: WARNING:  skipping "pg_conversion" --- only table or database owner can vacuum it
psql:/tmp/TestHawqRanger_BasicTest.sql:4: WARNING:  skipping "pg_depend" --- only table or database owner can vacuum it
psql:/tmp/TestHawqRanger_BasicTest.sql:4: WARNING:  skipping "pg_tablespace" --- only table or database owner can vacuum it
psql:/tmp/TestHawqRanger_BasicTest.sql:4: WARNING:  skipping "pg_pltemplate" --- only table or database owner can vacuum it
psql:/tmp/TestHawqRanger_BasicTest.sql:4: WARNING:  skipping "pg_shdepend" --- only table or database owner can vacuum it
psql:/tmp/TestHawqRanger_BasicTest.sql:4: WARNING:  skipping "pg_shdescription" --- only table or database owner can vacuum it
psql:/tmp/TestHawqRanger_BasicTest.sql:4: WARNING:  skipping "pg_resqueue" --- only table or database owner can vacuum it
psql:/tmp/TestHawqRanger_BasicTest.sql:4: WARNING:  skipping "gp_configuration" --- only table or database owner can vacuum it
psql:/tmp/TestHawqRanger_BasicTest.sql:4: WARNING:  skipping "gp_configuration_history" --- only table or database owner can vacuum it
psql:/tmp/TestHawqRanger_BasicTest.sql:4: WARNING:  skipping "gp_db_interfaces" --- only table or database owner can vacuum it
psql:/tmp/TestHawqRanger_BasicTest.sql:4: WARNING:  skipping "gp_interfaces" --- only table or database owner can vacuum it
psql:/tmp/TestHawqRanger_BasicTest.sql:4: WARNING:  skipping "gp_distribution_policy" --- only table or database owner can vacuum it
psql:/tmp/TestHawqRanger_BasicTest.sql:4: WARNING:  skipping "gp_version_at_initdb" --- only table or database owner can vacuum it
psql:/tmp/TestHawqRanger_BasicTest.sql:4: WARNING:  skipping "gp_segment_configuration" --- only table or database owner can vacuum it
psql:/tmp/TestHawqRanger_BasicTest.sql:4: WARNING:  skipping "gp_san_configuration" --- only table or database owner can vacuum it
psql:/tmp/TestHawqRanger_BasicTest.sql:4: WARNING:  skipping "gp_verification_history" --- only table or database owner can vacuum it
psql:/tmp/TestHawqRanger_BasicTest.sql:4: WARNING:  skipping "pg_window" --- only table or database owner can vacuum it
psql:/tmp/TestHawqRanger_BasicTest.sql:4: WARNING:  skipping "pg_exttable" --- only table or database owner can vacuum it
psql:/tmp/TestHawqRanger_BasicTest.sql:4: WARNING:  skipping "a" --- only table or database owner can vacuum it
psql:/tmp/TestHawqRanger_BasicTest.sql:4: WARNING:  skipping "foo" --- only table or database owner can vacuum it
psql:/tmp/TestHawqRanger_BasicTest.sql:4: WARNING:  skipping "aa" --- only table or database owner can vacuum it
psql:/tmp/TestHawqRanger_BasicTest.sql:4: WARNING:  skipping "t" --- only table or database owner can vacuum it
psql:/tmp/TestHawqRanger_BasicTest.sql:4: WARNING:  skipping "aaa" --- only table or database owner can vacuum it
VACUUM
