-- start_ignore
-- end_ignore
set session role=usertest47;
SET
explain select * from a;
psql:/tmp/TestHawqRanger_BasicTest.sql:4: WARNING:  usage privilege of namespace public is required.
LINE 1: explain select * from a;
                              ^
psql:/tmp/TestHawqRanger_BasicTest.sql:4: ERROR:  relation "a" does not exist
LINE 1: explain select * from a;
                              ^
