-- start_ignore
-- end_ignore
set session role= 'userpxf3';
SET
CREATE EXTERNAL TABLE pxf_hdfs_textsimple_r1(location text, month text, num_orders int, total_sales float8)
	LOCATION ('pxf://localhost:51200/ranger_test/pxfwritable_hdfs_textsimple1?PROFILE=HdfsTextSimple')
	FORMAT 'CSV';
psql:/tmp/TestHawqRanger_PXFHDFSTest.sql:7: WARNING:  usage privilege of namespace testhawqranger_pxfhdfstest is required.
psql:/tmp/TestHawqRanger_PXFHDFSTest.sql:7: ERROR:  permission denied for external protocol pxf
