# @(#)13.ans	2.1.8.1
Q13
 *** Query completed. 42 rows found. 2 columns returned.

C_COUNT               CUSTDIST
--------------------  --------------------
 
                   0                 50004
                   9                  6641
                  10                  6566
                  11                  6058
                   8                  5949
                  12                  5553
                  13                  4989
                  19                  4748
                   7                  4707
                  18                  4625
                  15                  4552
                  17                  4530
                  14                  4484
                  20                  4461
                  16                  4323
                  21                  4217
                  22                  3730
                   6                  3334
                  23                  3129
                  24                  2622
                  25                  2079
                   5                  1972
                  26                  1593
                  27                  1185
                   4                  1033
                  28                   869
                  29                   559
                   3                   398
                  30                   373
                  31                   235
                   2                   144
                  32                   128
                  33                    71
                  34                    48
                  35                    33
                   1                    23
                  36                    17
                  37                     7
                  40                     4
                  38                     4
                  39                     2
                  41                     1
