# @(#)22.ans	2.1.8.1
Q22
 *** Query completed. 7 rows found. 3 columns returned.
 
CNTRYCODE      NUMCUST         TOTACCTBAL
---------  -----------  -----------------
13                 888         6737713.99
17                 861         6460573.72
18                 964         7241687.40
23                 892         6706457.95
29                 948         7158866.63
30                 909         6808436.13
31                 922         6806670.18

